directory	filename	ext
bin/	filter-doc.py	py
bin/	vd	
bin/	vd2to3.vdx	vdx
bin/	viewtsv.py	py
